                        Credit Where Credit is Due
                        --------------------------


SNIPPETS special thanks to...
-----------------------------

Dave Burton         Jerry Coffin        Jon Guthrie         Auke Reitsma

...without whose assistance above and beyond the call of duty, SNIPPETS would
not be what it is today!


SNIPPETS Authors:
-----------------

Jens M Andreasen    Scott Andrews       Erik Bachmann       Ed Beroset
Ed Blackman         J. Blauth           Carey Bloodworth    Walter Bright
Gary S. Brown       Jon Burchmore       Doug Burger         Joseph Carnage
Joe Celko           Dave Chapman        Sreenath Chary      Andrew Clarke
Jerry Coffin        Fred Cole           Marty Connely       Eric Coolman
Mark Corgan         Ross Cottrell       Carl Declerck       Mike Demski
Brian Dessent       DECUS               Michael Dehlwes     Pieter de Jong
Mark Devlin         Mike Dodd           Bob Dolan           Scott Dudley
Rob Duff            Jeff Dunlop         Paul Edwards        Jay Elkes
David Engel         David L. Fox        Jeffery Foy         Jeff Galbraith
Ray Gardner         David Gersic        David Gibbs         gk
D. Goodenough       Jerry Gore          J-Mag Guthrie       Jon Guthrie
Wayne Halsdorf      Wayne Hamilton      Dave Hansen         David Harmon
Blair Haukedal      K. Heidenstrom      Dan Hoey            Maynard Hogg
Jerry Houston       Larry Hudson        Joe Huffman         Matthew Hunt
Shamim Islam        Bob Jarvis          Ted Jensen          Thor Johnson
Paul Johnston       M. Jones            Mike Jones          Mark Kamradt
Arjen Kentner       J. Kercheval        Mark Kimes          Wayne King
Dave Knapp          Don Kneller         Gilles Kohl         Ed Kowalski
Dan Kozak           Kurt Kuzba          Jari Laaksonen      Scott Ladd
Soleil Lapierre     Stephen Lindholm    Phil Linttell       Lynn R. Lively
John Lots           Martin Maney        Robert Mashlan      Darin McBride
Ray L. McVay        Greg Messer         Stan Milam          Peter Miller
Robert Morgan       Craig Morrison      Keiichi Nakasato    Lynn Nash
Bob Nelson          Phi Nguyen          VinhHao Nguyen      Jeffrey Nonken
David Nugent        Jim Nutt            S. Offermann        Heinz Ozwirk
Curtis Paris        Gary A. Parker      Ruurd Pels          F. Piette
Steve Poole         Dustin Puryear      Mike Ratledge       Auke Reitsma
John Rex            Cliff Rhodes        Sid Rogers          L. Satenstein
Paul Schlyter       E. Schneider        Charles Simonyi     Ron Sires
Branislav Slantchev Mike Smith          Thad Smith          Robert Sprawls
Michael Stapleton   Mark Stephen        Bob Stout           Aare Tali
Peter Thomas        Ratko Tomic         Tom Torfs           Nigel Traves
Erik VanRiper       Chad Wallace        Jim Walsh           Bruce Wedding
Bill Wilkie         Ross Williams       Peter Yard          Yoshi
